// Jest Snapshot v1, https://goo.gl/fbAQLP

exports[`IntroductionLayout should render 1`] = `
<EditorLayout
  preview={true}
  title="Introduction"
>
  <Panel>
    <div />
  </Panel>
</EditorLayout>
`;
